// Jest Snapshot v1, https://goo.gl/fbAQLP

exports[`LocalizationPlugin Handles async localized chunks with a runtime locale expression (minified): Assets 1`] = `
Object {
  "chunks/async1-LOCALE1/-a9bbc5b66cc5c0154abc.js": SizeOnlySource {
    "_size": 326,
  },
  "chunks/async1-LOCALE2/-a9bbc5b66cc5c0154abc.js": SizeOnlySource {
    "_size": 334,
  },
  "chunks/async2-LOCALE1/-c9dc83c58103e3bb3a8a.js": SizeOnlySource {
    "_size": 326,
  },
  "chunks/async2-LOCALE2/-c9dc83c58103e3bb3a8a.js": SizeOnlySource {
    "_size": 334,
  },
  "mainSingleChunk--ed7a18b371ea607d2769.js": SizeOnlySource {
    "_size": 2458,
  },
  "mainTwoChunks--7164702297c0d13bb6f8.js": SizeOnlySource {
    "_size": 2569,
  },
  "other--78916591a7145a0e87d7.js": SizeOnlySource {
    "_size": 27,
  },
}
`;

exports[`LocalizationPlugin Handles async localized chunks with a runtime locale expression (minified): Content 1`] = `
Object {
  "/release/chunks/async1-LOCALE1/-a9bbc5b66cc5c0154abc.js": "\\"use strict\\";(self.webpackChunk=self.webpackChunk||[]).push([[515],{\\"./a/async1.js\\":(s,_,e)=>{e.r(_);var r=e(\\"./a/strings1.resjson\\"),n=e(\\"./a/strings2.resjson\\");console.log(r.B,n.P)},\\"./a/strings1.resjson\\":s=>{s.exports=JSON.parse('{\\"B\\":\\"blah\\"}')},\\"./a/strings2.resjson\\":s=>{s.exports=JSON.parse('{\\"P\\":\\"something else\\"}')}}]);",
  "/release/chunks/async1-LOCALE2/-a9bbc5b66cc5c0154abc.js": "\\"use strict\\";(self.webpackChunk=self.webpackChunk||[]).push([[515],{\\"./a/async1.js\\":(s,_,e)=>{e.r(_);var r=e(\\"./a/strings1.resjson\\"),n=e(\\"./a/strings2.resjson\\");console.log(r.B,n.P)},\\"./a/strings1.resjson\\":s=>{s.exports=JSON.parse('{\\"B\\":\\"baz\\"}')},\\"./a/strings2.resjson\\":s=>{s.exports=JSON.parse('{\\"P\\":\\"some random translation\\"}')}}]);",
  "/release/chunks/async2-LOCALE1/-c9dc83c58103e3bb3a8a.js": "\\"use strict\\";(self.webpackChunk=self.webpackChunk||[]).push([[989],{\\"./a/async2.js\\":(s,_,e)=>{e.r(_);var r=e(\\"./a/strings1.resjson\\"),n=e(\\"./a/strings2.resjson\\");console.log(r.B+n.P)},\\"./a/strings1.resjson\\":s=>{s.exports=JSON.parse('{\\"B\\":\\"blah\\"}')},\\"./a/strings2.resjson\\":s=>{s.exports=JSON.parse('{\\"P\\":\\"something else\\"}')}}]);",
  "/release/chunks/async2-LOCALE2/-c9dc83c58103e3bb3a8a.js": "\\"use strict\\";(self.webpackChunk=self.webpackChunk||[]).push([[989],{\\"./a/async2.js\\":(s,_,e)=>{e.r(_);var r=e(\\"./a/strings1.resjson\\"),n=e(\\"./a/strings2.resjson\\");console.log(r.B+n.P)},\\"./a/strings1.resjson\\":s=>{s.exports=JSON.parse('{\\"B\\":\\"baz\\"}')},\\"./a/strings2.resjson\\":s=>{s.exports=JSON.parse('{\\"P\\":\\"some random translation\\"}')}}]);",
  "/release/mainSingleChunk--ed7a18b371ea607d2769.js": "(()=>{var e,r={},t={};function o(e){var n=t[e];if(void 0!==n)return n.exports;var a=t[e]={exports:{}};return r[e](a,a.exports,o),a.exports}o.m=r,o.f={},o.e=e=>Promise.all(Object.keys(o.f).reduce(((r,t)=>(o.f[t](e,r),r)),[])),o.u=e=>\\"chunks/async1-\\"+self.__locale+\\"/-a9bbc5b66cc5c0154abc.js\\",o.g=function(){if(\\"object\\"==typeof globalThis)return globalThis;try{return this||new Function(\\"return this\\")()}catch(e){if(\\"object\\"==typeof window)return window}}(),o.o=(e,r)=>Object.prototype.hasOwnProperty.call(e,r),e={},o.l=(r,t,n,a)=>{if(e[r])e[r].push(t);else{var i,c;if(void 0!==n)for(var l=document.getElementsByTagName(\\"script\\"),s=0;s<l.length;s++){var u=l[s];if(u.getAttribute(\\"src\\")==r){i=u;break}}i||(c=!0,(i=document.createElement(\\"script\\")).charset=\\"utf-8\\",i.timeout=120,o.nc&&i.setAttribute(\\"nonce\\",o.nc),i.src=r),e[r]=[t];var p=(t,o)=>{i.onerror=i.onload=null,clearTimeout(d);var n=e[r];if(delete e[r],i.parentNode&&i.parentNode.removeChild(i),n&&n.forEach((e=>e(o))),t)return t(o)},d=setTimeout(p.bind(null,void 0,{type:\\"timeout\\",target:i}),12e4);i.onerror=p.bind(null,i.onerror),i.onload=p.bind(null,i.onload),c&&document.head.appendChild(i)}},o.r=e=>{\\"undefined\\"!=typeof Symbol&&Symbol.toStringTag&&Object.defineProperty(e,Symbol.toStringTag,{value:\\"Module\\"}),Object.defineProperty(e,\\"__esModule\\",{value:!0})},(()=>{var e;o.g.importScripts&&(e=o.g.location+\\"\\");var r=o.g.document;if(!e&&r&&(r.currentScript&&(e=r.currentScript.src),!e)){var t=r.getElementsByTagName(\\"script\\");if(t.length)for(var n=t.length-1;n>-1&&!e;)e=t[n--].src}if(!e)throw new Error(\\"Automatic publicPath is not supported in this browser\\");e=e.replace(/#.*$/,\\"\\").replace(/\\\\?.*$/,\\"\\").replace(/\\\\/[^\\\\/]+$/,\\"/\\"),o.p=e})(),(()=>{var e={315:0};o.f.j=(r,t)=>{var n=o.o(e,r)?e[r]:void 0;if(0!==n)if(n)t.push(n[2]);else{var a=new Promise(((t,o)=>n=e[r]=[t,o]));t.push(n[2]=a);var i=o.p+o.u(r),c=new Error;o.l(i,(t=>{if(o.o(e,r)&&(0!==(n=e[r])&&(e[r]=void 0),n)){var a=t&&(\\"load\\"===t.type?\\"missing\\":t.type),i=t&&t.target&&t.target.src;c.message=\\"Loading chunk \\"+r+\\" failed.\\\\n(\\"+a+\\": \\"+i+\\")\\",c.name=\\"ChunkLoadError\\",c.type=a,c.request=i,n[1](c)}}),\\"chunk-\\"+r,r)}};var r=(r,t)=>{var n,a,[i,c,l]=t,s=0;if(i.some((r=>0!==e[r]))){for(n in c)o.o(c,n)&&(o.m[n]=c[n]);l&&l(o)}for(r&&r(t);s<i.length;s++)a=i[s],o.o(e,a)&&e[a]&&e[a][0](),e[a]=0},t=self.webpackChunk=self.webpackChunk||[];t.forEach(r.bind(null,0)),t.push=r.bind(null,t.push.bind(t))})(),o.e(515).then(o.bind(o,\\"./a/async1.js\\"))})();",
  "/release/mainTwoChunks--7164702297c0d13bb6f8.js": "(()=>{var e,r={},t={};function n(e){var o=t[e];if(void 0!==o)return o.exports;var a=t[e]={exports:{}};return r[e](a,a.exports,n),a.exports}n.m=r,n.f={},n.e=e=>Promise.all(Object.keys(n.f).reduce(((r,t)=>(n.f[t](e,r),r)),[])),n.u=e=>\\"chunks/\\"+{515:\\"async1\\",989:\\"async2\\"}[e]+\\"-\\"+self.__locale+\\"/-\\"+{515:\\"a9bbc5b66cc5c0154abc\\",989:\\"c9dc83c58103e3bb3a8a\\"}[e]+\\".js\\",n.g=function(){if(\\"object\\"==typeof globalThis)return globalThis;try{return this||new Function(\\"return this\\")()}catch(e){if(\\"object\\"==typeof window)return window}}(),n.o=(e,r)=>Object.prototype.hasOwnProperty.call(e,r),e={},n.l=(r,t,o,a)=>{if(e[r])e[r].push(t);else{var i,c;if(void 0!==o)for(var l=document.getElementsByTagName(\\"script\\"),s=0;s<l.length;s++){var u=l[s];if(u.getAttribute(\\"src\\")==r){i=u;break}}i||(c=!0,(i=document.createElement(\\"script\\")).charset=\\"utf-8\\",i.timeout=120,n.nc&&i.setAttribute(\\"nonce\\",n.nc),i.src=r),e[r]=[t];var d=(t,n)=>{i.onerror=i.onload=null,clearTimeout(p);var o=e[r];if(delete e[r],i.parentNode&&i.parentNode.removeChild(i),o&&o.forEach((e=>e(n))),t)return t(n)},p=setTimeout(d.bind(null,void 0,{type:\\"timeout\\",target:i}),12e4);i.onerror=d.bind(null,i.onerror),i.onload=d.bind(null,i.onload),c&&document.head.appendChild(i)}},n.r=e=>{\\"undefined\\"!=typeof Symbol&&Symbol.toStringTag&&Object.defineProperty(e,Symbol.toStringTag,{value:\\"Module\\"}),Object.defineProperty(e,\\"__esModule\\",{value:!0})},(()=>{var e;n.g.importScripts&&(e=n.g.location+\\"\\");var r=n.g.document;if(!e&&r&&(r.currentScript&&(e=r.currentScript.src),!e)){var t=r.getElementsByTagName(\\"script\\");if(t.length)for(var o=t.length-1;o>-1&&!e;)e=t[o--].src}if(!e)throw new Error(\\"Automatic publicPath is not supported in this browser\\");e=e.replace(/#.*$/,\\"\\").replace(/\\\\?.*$/,\\"\\").replace(/\\\\/[^\\\\/]+$/,\\"/\\"),n.p=e})(),(()=>{var e={903:0};n.f.j=(r,t)=>{var o=n.o(e,r)?e[r]:void 0;if(0!==o)if(o)t.push(o[2]);else{var a=new Promise(((t,n)=>o=e[r]=[t,n]));t.push(o[2]=a);var i=n.p+n.u(r),c=new Error;n.l(i,(t=>{if(n.o(e,r)&&(0!==(o=e[r])&&(e[r]=void 0),o)){var a=t&&(\\"load\\"===t.type?\\"missing\\":t.type),i=t&&t.target&&t.target.src;c.message=\\"Loading chunk \\"+r+\\" failed.\\\\n(\\"+a+\\": \\"+i+\\")\\",c.name=\\"ChunkLoadError\\",c.type=a,c.request=i,o[1](c)}}),\\"chunk-\\"+r,r)}};var r=(r,t)=>{var o,a,[i,c,l]=t,s=0;if(i.some((r=>0!==e[r]))){for(o in c)n.o(c,o)&&(n.m[o]=c[o]);l&&l(n)}for(r&&r(t);s<i.length;s++)a=i[s],n.o(e,a)&&e[a]&&e[a][0](),e[a]=0},t=self.webpackChunk=self.webpackChunk||[];t.forEach(r.bind(null,0)),t.push=r.bind(null,t.push.bind(t))})(),n.e(515).then(n.bind(n,\\"./a/async1.js\\")),n.e(989).then(n.bind(n,\\"./a/async2.js\\"))})();",
  "/release/other--78916591a7145a0e87d7.js": "console.log(\\"hello world\\");",
}
`;

exports[`LocalizationPlugin Handles async localized chunks with a runtime locale expression (minified): Errors 1`] = `Array []`;

exports[`LocalizationPlugin Handles async localized chunks with a runtime locale expression (minified): Localization Stats 1`] = `
Object {
  "entrypoints": Object {},
  "namedChunkGroups": Object {
    "async1": Object {
      "localizedAssets": Object {
        "LOCALE1": "chunks/async1-LOCALE1/-a9bbc5b66cc5c0154abc.js",
        "LOCALE2": "chunks/async1-LOCALE2/-a9bbc5b66cc5c0154abc.js",
      },
    },
    "async2": Object {
      "localizedAssets": Object {
        "LOCALE1": "chunks/async2-LOCALE1/-c9dc83c58103e3bb3a8a.js",
        "LOCALE2": "chunks/async2-LOCALE2/-c9dc83c58103e3bb3a8a.js",
      },
    },
  },
}
`;

exports[`LocalizationPlugin Handles async localized chunks with a runtime locale expression (minified): Warnings 1`] = `Array []`;

exports[`LocalizationPlugin Handles async localized chunks with a runtime locale expression (unminified): Assets 1`] = `
Object {
  "chunks/async1-LOCALE1/-268cfe557834794b247b.js": SizeOnlySource {
    "_size": 852,
  },
  "chunks/async1-LOCALE2/-268cfe557834794b247b.js": SizeOnlySource {
    "_size": 860,
  },
  "chunks/async2-LOCALE1/-c8dd89f429d58ff2c174.js": SizeOnlySource {
    "_size": 853,
  },
  "chunks/async2-LOCALE2/-c8dd89f429d58ff2c174.js": SizeOnlySource {
    "_size": 861,
  },
  "mainSingleChunk--ceb947c06eacae29b495.js": SizeOnlySource {
    "_size": 10676,
  },
  "mainTwoChunks--196c2ee23a8f06e045d5.js": SizeOnlySource {
    "_size": 10874,
  },
  "other--0a22a28bc727b811fbb2.js": SizeOnlySource {
    "_size": 111,
  },
}
`;

exports[`LocalizationPlugin Handles async localized chunks with a runtime locale expression (unminified): Content 1`] = `
Object {
  "/release/chunks/async1-LOCALE1/-268cfe557834794b247b.js": "\\"use strict\\";
(self[\\"webpackChunk\\"] = self[\\"webpackChunk\\"] || []).push([[515],{

/***/ \\"./a/async1.js\\":
/***/ ((__unused_webpack_module, __webpack_exports__, __webpack_require__) => {

__webpack_require__.r(__webpack_exports__);
/* harmony import */ var _strings1_resjson__WEBPACK_IMPORTED_MODULE_0__ = __webpack_require__(\\"./a/strings1.resjson\\");
/* harmony import */ var _strings2_resjson__WEBPACK_IMPORTED_MODULE_1__ = __webpack_require__(\\"./a/strings2.resjson\\");
  console.log(_strings1_resjson__WEBPACK_IMPORTED_MODULE_0__/* .test */ .B, _strings2_resjson__WEBPACK_IMPORTED_MODULE_1__/* .another */ .P);

/***/ }),

/***/ \\"./a/strings1.resjson\\":
/***/ ((module) => {

module.exports = JSON.parse('{\\"B\\":\\"blah\\"}');

/***/ }),

/***/ \\"./a/strings2.resjson\\":
/***/ ((module) => {

module.exports = JSON.parse('{\\"P\\":\\"something else\\"}');

/***/ })

}]);",
  "/release/chunks/async1-LOCALE2/-268cfe557834794b247b.js": "\\"use strict\\";
(self[\\"webpackChunk\\"] = self[\\"webpackChunk\\"] || []).push([[515],{

/***/ \\"./a/async1.js\\":
/***/ ((__unused_webpack_module, __webpack_exports__, __webpack_require__) => {

__webpack_require__.r(__webpack_exports__);
/* harmony import */ var _strings1_resjson__WEBPACK_IMPORTED_MODULE_0__ = __webpack_require__(\\"./a/strings1.resjson\\");
/* harmony import */ var _strings2_resjson__WEBPACK_IMPORTED_MODULE_1__ = __webpack_require__(\\"./a/strings2.resjson\\");
  console.log(_strings1_resjson__WEBPACK_IMPORTED_MODULE_0__/* .test */ .B, _strings2_resjson__WEBPACK_IMPORTED_MODULE_1__/* .another */ .P);

/***/ }),

/***/ \\"./a/strings1.resjson\\":
/***/ ((module) => {

module.exports = JSON.parse('{\\"B\\":\\"baz\\"}');

/***/ }),

/***/ \\"./a/strings2.resjson\\":
/***/ ((module) => {

module.exports = JSON.parse('{\\"P\\":\\"some random translation\\"}');

/***/ })

}]);",
  "/release/chunks/async2-LOCALE1/-c8dd89f429d58ff2c174.js": "\\"use strict\\";
(self[\\"webpackChunk\\"] = self[\\"webpackChunk\\"] || []).push([[989],{

/***/ \\"./a/async2.js\\":
/***/ ((__unused_webpack_module, __webpack_exports__, __webpack_require__) => {

__webpack_require__.r(__webpack_exports__);
/* harmony import */ var _strings1_resjson__WEBPACK_IMPORTED_MODULE_0__ = __webpack_require__(\\"./a/strings1.resjson\\");
/* harmony import */ var _strings2_resjson__WEBPACK_IMPORTED_MODULE_1__ = __webpack_require__(\\"./a/strings2.resjson\\");
  console.log(_strings1_resjson__WEBPACK_IMPORTED_MODULE_0__/* .test */ .B + _strings2_resjson__WEBPACK_IMPORTED_MODULE_1__/* .another */ .P);

/***/ }),

/***/ \\"./a/strings1.resjson\\":
/***/ ((module) => {

module.exports = JSON.parse('{\\"B\\":\\"blah\\"}');

/***/ }),

/***/ \\"./a/strings2.resjson\\":
/***/ ((module) => {

module.exports = JSON.parse('{\\"P\\":\\"something else\\"}');

/***/ })

}]);",
  "/release/chunks/async2-LOCALE2/-c8dd89f429d58ff2c174.js": "\\"use strict\\";
(self[\\"webpackChunk\\"] = self[\\"webpackChunk\\"] || []).push([[989],{

/***/ \\"./a/async2.js\\":
/***/ ((__unused_webpack_module, __webpack_exports__, __webpack_require__) => {

__webpack_require__.r(__webpack_exports__);
/* harmony import */ var _strings1_resjson__WEBPACK_IMPORTED_MODULE_0__ = __webpack_require__(\\"./a/strings1.resjson\\");
/* harmony import */ var _strings2_resjson__WEBPACK_IMPORTED_MODULE_1__ = __webpack_require__(\\"./a/strings2.resjson\\");
  console.log(_strings1_resjson__WEBPACK_IMPORTED_MODULE_0__/* .test */ .B + _strings2_resjson__WEBPACK_IMPORTED_MODULE_1__/* .another */ .P);

/***/ }),

/***/ \\"./a/strings1.resjson\\":
/***/ ((module) => {

module.exports = JSON.parse('{\\"B\\":\\"baz\\"}');

/***/ }),

/***/ \\"./a/strings2.resjson\\":
/***/ ((module) => {

module.exports = JSON.parse('{\\"P\\":\\"some random translation\\"}');

/***/ })

}]);",
  "/release/mainSingleChunk--ceb947c06eacae29b495.js": "/******/ (() => { // webpackBootstrap
/******/ 	var __webpack_modules__ = ({});
/************************************************************************/
/******/ 	// The module cache
/******/ 	var __webpack_module_cache__ = {};
/******/ 	
/******/ 	// The require function
/******/ 	function __webpack_require__(moduleId) {
/******/ 		// Check if module is in cache
/******/ 		var cachedModule = __webpack_module_cache__[moduleId];
/******/ 		if (cachedModule !== undefined) {
/******/ 			return cachedModule.exports;
/******/ 		}
/******/ 		// Create a new module (and put it into the cache)
/******/ 		var module = __webpack_module_cache__[moduleId] = {
/******/ 			// no module.id needed
/******/ 			// no module.loaded needed
/******/ 			exports: {}
/******/ 		};
/******/ 	
/******/ 		// Execute the module function
/******/ 		__webpack_modules__[moduleId](module, module.exports, __webpack_require__);
/******/ 	
/******/ 		// Return the exports of the module
/******/ 		return module.exports;
/******/ 	}
/******/ 	
/******/ 	// expose the modules object (__webpack_modules__)
/******/ 	__webpack_require__.m = __webpack_modules__;
/******/ 	
/************************************************************************/
/******/ 	/* webpack/runtime/ensure chunk */
/******/ 	(() => {
/******/ 		__webpack_require__.f = {};
/******/ 		// This file contains only the entry chunk.
/******/ 		// The chunk loading function for additional chunks
/******/ 		__webpack_require__.e = (chunkId) => {
/******/ 			return Promise.all(Object.keys(__webpack_require__.f).reduce((promises, key) => {
/******/ 				__webpack_require__.f[key](chunkId, promises);
/******/ 				return promises;
/******/ 			}, []));
/******/ 		};
/******/ 	})();
/******/ 	
/******/ 	/* webpack/runtime/get javascript chunk filename */
/******/ 	(() => {
/******/ 		// This function allow to reference async chunks
/******/ 		__webpack_require__.u = (chunkId) => {
/******/ 			// return url for filenames based on template
/******/ 			return \\"chunks/\\" + \\"async1\\" + \\"-\\" + self.__locale + \\"/\\" + \\"-\\" + \\"268cfe557834794b247b\\" + \\".js\\";
/******/ 		};
/******/ 	})();
/******/ 	
/******/ 	/* webpack/runtime/global */
/******/ 	(() => {
/******/ 		__webpack_require__.g = (function() {
/******/ 			if (typeof globalThis === 'object') return globalThis;
/******/ 			try {
/******/ 				return this || new Function('return this')();
/******/ 			} catch (e) {
/******/ 				if (typeof window === 'object') return window;
/******/ 			}
/******/ 		})();
/******/ 	})();
/******/ 	
/******/ 	/* webpack/runtime/hasOwnProperty shorthand */
/******/ 	(() => {
/******/ 		__webpack_require__.o = (obj, prop) => (Object.prototype.hasOwnProperty.call(obj, prop))
/******/ 	})();
/******/ 	
/******/ 	/* webpack/runtime/load script */
/******/ 	(() => {
/******/ 		var inProgress = {};
/******/ 		// data-webpack is not used as build has no uniqueName
/******/ 		// loadScript function to load a script via script tag
/******/ 		__webpack_require__.l = (url, done, key, chunkId) => {
/******/ 			if(inProgress[url]) { inProgress[url].push(done); return; }
/******/ 			var script, needAttach;
/******/ 			if(key !== undefined) {
/******/ 				var scripts = document.getElementsByTagName(\\"script\\");
/******/ 				for(var i = 0; i < scripts.length; i++) {
/******/ 					var s = scripts[i];
/******/ 					if(s.getAttribute(\\"src\\") == url) { script = s; break; }
/******/ 				}
/******/ 			}
/******/ 			if(!script) {
/******/ 				needAttach = true;
/******/ 				script = document.createElement('script');
/******/ 		
/******/ 				script.charset = 'utf-8';
/******/ 				script.timeout = 120;
/******/ 				if (__webpack_require__.nc) {
/******/ 					script.setAttribute(\\"nonce\\", __webpack_require__.nc);
/******/ 				}
/******/ 		
/******/ 				script.src = url;
/******/ 			}
/******/ 			inProgress[url] = [done];
/******/ 			var onScriptComplete = (prev, event) => {
/******/ 				// avoid mem leaks in IE.
/******/ 				script.onerror = script.onload = null;
/******/ 				clearTimeout(timeout);
/******/ 				var doneFns = inProgress[url];
/******/ 				delete inProgress[url];
/******/ 				script.parentNode && script.parentNode.removeChild(script);
/******/ 				doneFns && doneFns.forEach((fn) => (fn(event)));
/******/ 				if(prev) return prev(event);
/******/ 			}
/******/ 			var timeout = setTimeout(onScriptComplete.bind(null, undefined, { type: 'timeout', target: script }), 120000);
/******/ 			script.onerror = onScriptComplete.bind(null, script.onerror);
/******/ 			script.onload = onScriptComplete.bind(null, script.onload);
/******/ 			needAttach && document.head.appendChild(script);
/******/ 		};
/******/ 	})();
/******/ 	
/******/ 	/* webpack/runtime/make namespace object */
/******/ 	(() => {
/******/ 		// define __esModule on exports
/******/ 		__webpack_require__.r = (exports) => {
/******/ 			if(typeof Symbol !== 'undefined' && Symbol.toStringTag) {
/******/ 				Object.defineProperty(exports, Symbol.toStringTag, { value: 'Module' });
/******/ 			}
/******/ 			Object.defineProperty(exports, '__esModule', { value: true });
/******/ 		};
/******/ 	})();
/******/ 	
/******/ 	/* webpack/runtime/publicPath */
/******/ 	(() => {
/******/ 		var scriptUrl;
/******/ 		if (__webpack_require__.g.importScripts) scriptUrl = __webpack_require__.g.location + \\"\\";
/******/ 		var document = __webpack_require__.g.document;
/******/ 		if (!scriptUrl && document) {
/******/ 			if (document.currentScript)
/******/ 				scriptUrl = document.currentScript.src;
/******/ 			if (!scriptUrl) {
/******/ 				var scripts = document.getElementsByTagName(\\"script\\");
/******/ 				if(scripts.length) {
/******/ 					var i = scripts.length - 1;
/******/ 					while (i > -1 && !scriptUrl) scriptUrl = scripts[i--].src;
/******/ 				}
/******/ 			}
/******/ 		}
/******/ 		// When supporting browsers where an automatic publicPath is not supported you must specify an output.publicPath manually via configuration
/******/ 		// or pass an empty string (\\"\\") and set the __webpack_public_path__ variable from your code to use your own logic.
/******/ 		if (!scriptUrl) throw new Error(\\"Automatic publicPath is not supported in this browser\\");
/******/ 		scriptUrl = scriptUrl.replace(/#.*$/, \\"\\").replace(/\\\\?.*$/, \\"\\").replace(/\\\\/[^\\\\/]+$/, \\"/\\");
/******/ 		__webpack_require__.p = scriptUrl;
/******/ 	})();
/******/ 	
/******/ 	/* webpack/runtime/jsonp chunk loading */
/******/ 	(() => {
/******/ 		// no baseURI
/******/ 		
/******/ 		// object to store loaded and loading chunks
/******/ 		// undefined = chunk not loaded, null = chunk preloaded/prefetched
/******/ 		// [resolve, reject, Promise] = chunk loading, 0 = chunk loaded
/******/ 		var installedChunks = {
/******/ 			315: 0
/******/ 		};
/******/ 		
/******/ 		__webpack_require__.f.j = (chunkId, promises) => {
/******/ 				// JSONP chunk loading for javascript
/******/ 				var installedChunkData = __webpack_require__.o(installedChunks, chunkId) ? installedChunks[chunkId] : undefined;
/******/ 				if(installedChunkData !== 0) { // 0 means \\"already installed\\".
/******/ 		
/******/ 					// a Promise means \\"currently loading\\".
/******/ 					if(installedChunkData) {
/******/ 						promises.push(installedChunkData[2]);
/******/ 					} else {
/******/ 						if(true) { // all chunks have JS
/******/ 							// setup Promise in chunk cache
/******/ 							var promise = new Promise((resolve, reject) => (installedChunkData = installedChunks[chunkId] = [resolve, reject]));
/******/ 							promises.push(installedChunkData[2] = promise);
/******/ 		
/******/ 							// start chunk loading
/******/ 							var url = __webpack_require__.p + __webpack_require__.u(chunkId);
/******/ 							// create error before stack unwound to get useful stacktrace later
/******/ 							var error = new Error();
/******/ 							var loadingEnded = (event) => {
/******/ 								if(__webpack_require__.o(installedChunks, chunkId)) {
/******/ 									installedChunkData = installedChunks[chunkId];
/******/ 									if(installedChunkData !== 0) installedChunks[chunkId] = undefined;
/******/ 									if(installedChunkData) {
/******/ 										var errorType = event && (event.type === 'load' ? 'missing' : event.type);
/******/ 										var realSrc = event && event.target && event.target.src;
/******/ 										error.message = 'Loading chunk ' + chunkId + ' failed.\\\\n(' + errorType + ': ' + realSrc + ')';
/******/ 										error.name = 'ChunkLoadError';
/******/ 										error.type = errorType;
/******/ 										error.request = realSrc;
/******/ 										installedChunkData[1](error);
/******/ 									}
/******/ 								}
/******/ 							};
/******/ 							__webpack_require__.l(url, loadingEnded, \\"chunk-\\" + chunkId, chunkId);
/******/ 						}
/******/ 					}
/******/ 				}
/******/ 		};
/******/ 		
/******/ 		// no prefetching
/******/ 		
/******/ 		// no preloaded
/******/ 		
/******/ 		// no HMR
/******/ 		
/******/ 		// no HMR manifest
/******/ 		
/******/ 		// no on chunks loaded
/******/ 		
/******/ 		// install a JSONP callback for chunk loading
/******/ 		var webpackJsonpCallback = (parentChunkLoadingFunction, data) => {
/******/ 			var [chunkIds, moreModules, runtime] = data;
/******/ 			// add \\"moreModules\\" to the modules object,
/******/ 			// then flag all \\"chunkIds\\" as loaded and fire callback
/******/ 			var moduleId, chunkId, i = 0;
/******/ 			if(chunkIds.some((id) => (installedChunks[id] !== 0))) {
/******/ 				for(moduleId in moreModules) {
/******/ 					if(__webpack_require__.o(moreModules, moduleId)) {
/******/ 						__webpack_require__.m[moduleId] = moreModules[moduleId];
/******/ 					}
/******/ 				}
/******/ 				if(runtime) var result = runtime(__webpack_require__);
/******/ 			}
/******/ 			if(parentChunkLoadingFunction) parentChunkLoadingFunction(data);
/******/ 			for(;i < chunkIds.length; i++) {
/******/ 				chunkId = chunkIds[i];
/******/ 				if(__webpack_require__.o(installedChunks, chunkId) && installedChunks[chunkId]) {
/******/ 					installedChunks[chunkId][0]();
/******/ 				}
/******/ 				installedChunks[chunkId] = 0;
/******/ 			}
/******/ 		
/******/ 		}
/******/ 		
/******/ 		var chunkLoadingGlobal = self[\\"webpackChunk\\"] = self[\\"webpackChunk\\"] || [];
/******/ 		chunkLoadingGlobal.forEach(webpackJsonpCallback.bind(null, 0));
/******/ 		chunkLoadingGlobal.push = webpackJsonpCallback.bind(null, chunkLoadingGlobal.push.bind(chunkLoadingGlobal));
/******/ 	})();
/******/ 	
/************************************************************************/
var __webpack_exports__ = {};
__webpack_require__.e(/* import() | async1 */ 515).then(__webpack_require__.bind(__webpack_require__, \\"./a/async1.js\\"));
/******/ })()
;",
  "/release/mainTwoChunks--196c2ee23a8f06e045d5.js": "/******/ (() => { // webpackBootstrap
/******/ 	var __webpack_modules__ = ({});
/************************************************************************/
/******/ 	// The module cache
/******/ 	var __webpack_module_cache__ = {};
/******/ 	
/******/ 	// The require function
/******/ 	function __webpack_require__(moduleId) {
/******/ 		// Check if module is in cache
/******/ 		var cachedModule = __webpack_module_cache__[moduleId];
/******/ 		if (cachedModule !== undefined) {
/******/ 			return cachedModule.exports;
/******/ 		}
/******/ 		// Create a new module (and put it into the cache)
/******/ 		var module = __webpack_module_cache__[moduleId] = {
/******/ 			// no module.id needed
/******/ 			// no module.loaded needed
/******/ 			exports: {}
/******/ 		};
/******/ 	
/******/ 		// Execute the module function
/******/ 		__webpack_modules__[moduleId](module, module.exports, __webpack_require__);
/******/ 	
/******/ 		// Return the exports of the module
/******/ 		return module.exports;
/******/ 	}
/******/ 	
/******/ 	// expose the modules object (__webpack_modules__)
/******/ 	__webpack_require__.m = __webpack_modules__;
/******/ 	
/************************************************************************/
/******/ 	/* webpack/runtime/ensure chunk */
/******/ 	(() => {
/******/ 		__webpack_require__.f = {};
/******/ 		// This file contains only the entry chunk.
/******/ 		// The chunk loading function for additional chunks
/******/ 		__webpack_require__.e = (chunkId) => {
/******/ 			return Promise.all(Object.keys(__webpack_require__.f).reduce((promises, key) => {
/******/ 				__webpack_require__.f[key](chunkId, promises);
/******/ 				return promises;
/******/ 			}, []));
/******/ 		};
/******/ 	})();
/******/ 	
/******/ 	/* webpack/runtime/get javascript chunk filename */
/******/ 	(() => {
/******/ 		// This function allow to reference async chunks
/******/ 		__webpack_require__.u = (chunkId) => {
/******/ 			// return url for filenames based on template
/******/ 			return \\"chunks/\\" + {\\"515\\":\\"async1\\",\\"989\\":\\"async2\\"}[chunkId] + \\"-\\" + self.__locale + \\"/\\" + \\"-\\" + {\\"515\\":\\"268cfe557834794b247b\\",\\"989\\":\\"c8dd89f429d58ff2c174\\"}[chunkId] + \\".js\\";
/******/ 		};
/******/ 	})();
/******/ 	
/******/ 	/* webpack/runtime/global */
/******/ 	(() => {
/******/ 		__webpack_require__.g = (function() {
/******/ 			if (typeof globalThis === 'object') return globalThis;
/******/ 			try {
/******/ 				return this || new Function('return this')();
/******/ 			} catch (e) {
/******/ 				if (typeof window === 'object') return window;
/******/ 			}
/******/ 		})();
/******/ 	})();
/******/ 	
/******/ 	/* webpack/runtime/hasOwnProperty shorthand */
/******/ 	(() => {
/******/ 		__webpack_require__.o = (obj, prop) => (Object.prototype.hasOwnProperty.call(obj, prop))
/******/ 	})();
/******/ 	
/******/ 	/* webpack/runtime/load script */
/******/ 	(() => {
/******/ 		var inProgress = {};
/******/ 		// data-webpack is not used as build has no uniqueName
/******/ 		// loadScript function to load a script via script tag
/******/ 		__webpack_require__.l = (url, done, key, chunkId) => {
/******/ 			if(inProgress[url]) { inProgress[url].push(done); return; }
/******/ 			var script, needAttach;
/******/ 			if(key !== undefined) {
/******/ 				var scripts = document.getElementsByTagName(\\"script\\");
/******/ 				for(var i = 0; i < scripts.length; i++) {
/******/ 					var s = scripts[i];
/******/ 					if(s.getAttribute(\\"src\\") == url) { script = s; break; }
/******/ 				}
/******/ 			}
/******/ 			if(!script) {
/******/ 				needAttach = true;
/******/ 				script = document.createElement('script');
/******/ 		
/******/ 				script.charset = 'utf-8';
/******/ 				script.timeout = 120;
/******/ 				if (__webpack_require__.nc) {
/******/ 					script.setAttribute(\\"nonce\\", __webpack_require__.nc);
/******/ 				}
/******/ 		
/******/ 				script.src = url;
/******/ 			}
/******/ 			inProgress[url] = [done];
/******/ 			var onScriptComplete = (prev, event) => {
/******/ 				// avoid mem leaks in IE.
/******/ 				script.onerror = script.onload = null;
/******/ 				clearTimeout(timeout);
/******/ 				var doneFns = inProgress[url];
/******/ 				delete inProgress[url];
/******/ 				script.parentNode && script.parentNode.removeChild(script);
/******/ 				doneFns && doneFns.forEach((fn) => (fn(event)));
/******/ 				if(prev) return prev(event);
/******/ 			}
/******/ 			var timeout = setTimeout(onScriptComplete.bind(null, undefined, { type: 'timeout', target: script }), 120000);
/******/ 			script.onerror = onScriptComplete.bind(null, script.onerror);
/******/ 			script.onload = onScriptComplete.bind(null, script.onload);
/******/ 			needAttach && document.head.appendChild(script);
/******/ 		};
/******/ 	})();
/******/ 	
/******/ 	/* webpack/runtime/make namespace object */
/******/ 	(() => {
/******/ 		// define __esModule on exports
/******/ 		__webpack_require__.r = (exports) => {
/******/ 			if(typeof Symbol !== 'undefined' && Symbol.toStringTag) {
/******/ 				Object.defineProperty(exports, Symbol.toStringTag, { value: 'Module' });
/******/ 			}
/******/ 			Object.defineProperty(exports, '__esModule', { value: true });
/******/ 		};
/******/ 	})();
/******/ 	
/******/ 	/* webpack/runtime/publicPath */
/******/ 	(() => {
/******/ 		var scriptUrl;
/******/ 		if (__webpack_require__.g.importScripts) scriptUrl = __webpack_require__.g.location + \\"\\";
/******/ 		var document = __webpack_require__.g.document;
/******/ 		if (!scriptUrl && document) {
/******/ 			if (document.currentScript)
/******/ 				scriptUrl = document.currentScript.src;
/******/ 			if (!scriptUrl) {
/******/ 				var scripts = document.getElementsByTagName(\\"script\\");
/******/ 				if(scripts.length) {
/******/ 					var i = scripts.length - 1;
/******/ 					while (i > -1 && !scriptUrl) scriptUrl = scripts[i--].src;
/******/ 				}
/******/ 			}
/******/ 		}
/******/ 		// When supporting browsers where an automatic publicPath is not supported you must specify an output.publicPath manually via configuration
/******/ 		// or pass an empty string (\\"\\") and set the __webpack_public_path__ variable from your code to use your own logic.
/******/ 		if (!scriptUrl) throw new Error(\\"Automatic publicPath is not supported in this browser\\");
/******/ 		scriptUrl = scriptUrl.replace(/#.*$/, \\"\\").replace(/\\\\?.*$/, \\"\\").replace(/\\\\/[^\\\\/]+$/, \\"/\\");
/******/ 		__webpack_require__.p = scriptUrl;
/******/ 	})();
/******/ 	
/******/ 	/* webpack/runtime/jsonp chunk loading */
/******/ 	(() => {
/******/ 		// no baseURI
/******/ 		
/******/ 		// object to store loaded and loading chunks
/******/ 		// undefined = chunk not loaded, null = chunk preloaded/prefetched
/******/ 		// [resolve, reject, Promise] = chunk loading, 0 = chunk loaded
/******/ 		var installedChunks = {
/******/ 			903: 0
/******/ 		};
/******/ 		
/******/ 		__webpack_require__.f.j = (chunkId, promises) => {
/******/ 				// JSONP chunk loading for javascript
/******/ 				var installedChunkData = __webpack_require__.o(installedChunks, chunkId) ? installedChunks[chunkId] : undefined;
/******/ 				if(installedChunkData !== 0) { // 0 means \\"already installed\\".
/******/ 		
/******/ 					// a Promise means \\"currently loading\\".
/******/ 					if(installedChunkData) {
/******/ 						promises.push(installedChunkData[2]);
/******/ 					} else {
/******/ 						if(true) { // all chunks have JS
/******/ 							// setup Promise in chunk cache
/******/ 							var promise = new Promise((resolve, reject) => (installedChunkData = installedChunks[chunkId] = [resolve, reject]));
/******/ 							promises.push(installedChunkData[2] = promise);
/******/ 		
/******/ 							// start chunk loading
/******/ 							var url = __webpack_require__.p + __webpack_require__.u(chunkId);
/******/ 							// create error before stack unwound to get useful stacktrace later
/******/ 							var error = new Error();
/******/ 							var loadingEnded = (event) => {
/******/ 								if(__webpack_require__.o(installedChunks, chunkId)) {
/******/ 									installedChunkData = installedChunks[chunkId];
/******/ 									if(installedChunkData !== 0) installedChunks[chunkId] = undefined;
/******/ 									if(installedChunkData) {
/******/ 										var errorType = event && (event.type === 'load' ? 'missing' : event.type);
/******/ 										var realSrc = event && event.target && event.target.src;
/******/ 										error.message = 'Loading chunk ' + chunkId + ' failed.\\\\n(' + errorType + ': ' + realSrc + ')';
/******/ 										error.name = 'ChunkLoadError';
/******/ 										error.type = errorType;
/******/ 										error.request = realSrc;
/******/ 										installedChunkData[1](error);
/******/ 									}
/******/ 								}
/******/ 							};
/******/ 							__webpack_require__.l(url, loadingEnded, \\"chunk-\\" + chunkId, chunkId);
/******/ 						}
/******/ 					}
/******/ 				}
/******/ 		};
/******/ 		
/******/ 		// no prefetching
/******/ 		
/******/ 		// no preloaded
/******/ 		
/******/ 		// no HMR
/******/ 		
/******/ 		// no HMR manifest
/******/ 		
/******/ 		// no on chunks loaded
/******/ 		
/******/ 		// install a JSONP callback for chunk loading
/******/ 		var webpackJsonpCallback = (parentChunkLoadingFunction, data) => {
/******/ 			var [chunkIds, moreModules, runtime] = data;
/******/ 			// add \\"moreModules\\" to the modules object,
/******/ 			// then flag all \\"chunkIds\\" as loaded and fire callback
/******/ 			var moduleId, chunkId, i = 0;
/******/ 			if(chunkIds.some((id) => (installedChunks[id] !== 0))) {
/******/ 				for(moduleId in moreModules) {
/******/ 					if(__webpack_require__.o(moreModules, moduleId)) {
/******/ 						__webpack_require__.m[moduleId] = moreModules[moduleId];
/******/ 					}
/******/ 				}
/******/ 				if(runtime) var result = runtime(__webpack_require__);
/******/ 			}
/******/ 			if(parentChunkLoadingFunction) parentChunkLoadingFunction(data);
/******/ 			for(;i < chunkIds.length; i++) {
/******/ 				chunkId = chunkIds[i];
/******/ 				if(__webpack_require__.o(installedChunks, chunkId) && installedChunks[chunkId]) {
/******/ 					installedChunks[chunkId][0]();
/******/ 				}
/******/ 				installedChunks[chunkId] = 0;
/******/ 			}
/******/ 		
/******/ 		}
/******/ 		
/******/ 		var chunkLoadingGlobal = self[\\"webpackChunk\\"] = self[\\"webpackChunk\\"] || [];
/******/ 		chunkLoadingGlobal.forEach(webpackJsonpCallback.bind(null, 0));
/******/ 		chunkLoadingGlobal.push = webpackJsonpCallback.bind(null, chunkLoadingGlobal.push.bind(chunkLoadingGlobal));
/******/ 	})();
/******/ 	
/************************************************************************/
var __webpack_exports__ = {};
__webpack_require__.e(/* import() | async1 */ 515).then(__webpack_require__.bind(__webpack_require__, \\"./a/async1.js\\"));__webpack_require__.e(/* import() | async2 */ 989).then(__webpack_require__.bind(__webpack_require__, \\"./a/async2.js\\"));
/******/ })()
;",
  "/release/other--0a22a28bc727b811fbb2.js": "/******/ (() => { // webpackBootstrap
var __webpack_exports__ = {};
console.log('hello world');
/******/ })()
;",
}
`;

exports[`LocalizationPlugin Handles async localized chunks with a runtime locale expression (unminified): Errors 1`] = `Array []`;

exports[`LocalizationPlugin Handles async localized chunks with a runtime locale expression (unminified): Localization Stats 1`] = `
Object {
  "entrypoints": Object {},
  "namedChunkGroups": Object {
    "async1": Object {
      "localizedAssets": Object {
        "LOCALE1": "chunks/async1-LOCALE1/-268cfe557834794b247b.js",
        "LOCALE2": "chunks/async1-LOCALE2/-268cfe557834794b247b.js",
      },
    },
    "async2": Object {
      "localizedAssets": Object {
        "LOCALE1": "chunks/async2-LOCALE1/-c8dd89f429d58ff2c174.js",
        "LOCALE2": "chunks/async2-LOCALE2/-c8dd89f429d58ff2c174.js",
      },
    },
  },
}
`;

exports[`LocalizationPlugin Handles async localized chunks with a runtime locale expression (unminified): Warnings 1`] = `Array []`;
